#-----------------------------------------------------------
# Vivado v2024.2 (64-bit)
# SW Build 5239630 on Fri Nov 08 22:34:34 MST 2024
# IP Build 5239520 on Sun Nov 10 16:12:51 MST 2024
# SharedData Build 5239561 on Fri Nov 08 14:39:27 MST 2024
# Start of session at: Wed Oct 22 06:12:42 2025
# Process ID         : 1708980
# Current directory  : /home/abhishek-revoor/Desktop/Thesis/rwu-rv64i-master/Vivado/project_3/project_3.runs/impl_1
# Command line       : vivado -log as_top_mem.vdi -applog -product Vivado -messageDb vivado.pb -mode batch -source as_top_mem.tcl -notrace
# Log file           : /home/abhishek-revoor/Desktop/Thesis/rwu-rv64i-master/Vivado/project_3/project_3.runs/impl_1/as_top_mem.vdi
# Journal file       : /home/abhishek-revoor/Desktop/Thesis/rwu-rv64i-master/Vivado/project_3/project_3.runs/impl_1/vivado.jou
# Running On         : abhishek-revoor-PC
# Platform           : Ubuntu
# Operating System   : Ubuntu 24.04.3 LTS
# Processor Detail   : Intel(R) Core(TM) i5-8400 CPU @ 2.80GHz
# CPU Frequency      : 3800.950 MHz
# CPU Physical cores : 6
# CPU Logical cores  : 6
# Host memory        : 16704 MB
# Swap memory        : 4294 MB
# Total Virtual      : 20999 MB
# Available Virtual  : 7685 MB
#-----------------------------------------------------------
source as_top_mem.tcl -notrace
